[264] 
[684] [api-base] region=CN source=edition base=https://mimo-server-cn.xiaomimimo.com/api
[892] [api-base] cached-region reader injected after settle -> ignored
[1100] [api-base] system-country reader injected after settle -> ignored
[1100] [apm] region=CN source=cache
[1325] [evolve-observatory] evolve observatory server listening on 127.0.0.1:64818
[1326] [mimo][api] listening on 127.0.0.1:64819
[1769] [plugins] automation background startup settled { elapsedMs: 839 }
[3347] [xiaomi-auth] probeStatus start (hidden-window path)
[5297] [DeviceId] generated:
[7583] [mimo] engine in-process server ready http://127.0.0.1:60168
[7796] [mimo] loop_streak_recovery=on · experimental crop enabled for next requests
[8006] [model-catalog] xiaomi login not confirmed -> skip fetch, keep cache
[8427] [xiaomi-auth] probeStatus done kind=authenticated userId=REDACTED
[9248] [experiment] initializing app=mimoDesktop(新加坡) env=ksmoscloudsrv service=<sdk-default>
[9455] [config] loading from: https://cdn-exp-sg-recommend.pt.xiaomi.com/service/getClientBitMapExpConf/mimoDesktop(%E6%96%B0%E5%8A%A0%E5%9D%A1)
[9455] Checking for update
[10643] Update for version 26.923.232338 is not available (latest version: 26.923.232338, downgrade is disallowed).
[11131] [config] loaded tree for mimoDesktop(新加坡): children=2, upRuleIds=0
[11343] [config] remote config loaded: 1 apps
[11343] [config] loaded successfully: 1 apps
[11343] [experiment] key=feature_gates id=101197 type=string value={
[11343]     "domestic": { "show_mcp_entry": false, "show_custom_model_button": true, "loop_streak_recovery": true, "show_evolve_entry": true,"show_computeruse": false, "show_browseruse": false, "show_pay": … elapsed=1664ms
[11343] [feature-gates] refresh: ok (elapsed=1683ms)
