[1946] [plugins] registry corrupt/unreadable at startup seed; closing automation HostMcp gate
[2231] 
[2236] DevTools listening on ws://127.0.0.1:9333/devtools/browser/464c83f0-9005-40be-b273-e23598e558f8
[2327] [plugins] registry corrupt/unreadable at readiness settle; keeping automation HostMcp gate closed
[16462] [9260:0926/232913.075:INFO:CONSOLE:3] "Deprecated API for given entry type.", source:  (3)
[17921] [9260:0926/232914.548:INFO:CONSOLE:3] "Deprecated API for given entry type.", source:  (3)
[24542] [9260:0926/232921.154:INFO:CONSOLE:3] "Deprecated API for given entry type.", source:  (3)
[24825] [9260:0926/232921.452:INFO:CONSOLE:3] "Deprecated API for given entry type.", source:  (3)
[25223] [9260:0926/232921.586:INFO:CONSOLE:3] "Deprecated API for given entry type.", source:  (3)
[25334] (node:9260) [DEP0180] DeprecationWarning: fs.Stats constructor is deprecated.
[25337] (Use `Xiaomi MiMo --trace-deprecation ...` to show where the warning was created)
[25812] [9260:0926/232922.393:INFO:CONSOLE:3] "Deprecated API for given entry type.", source:  (3)
[25927] [9260:0926/232922.408:INFO:CONSOLE:276] "[sess-diag] engineFetch GET /experimental/session?roots=true&limit=2000 -> HTTP 200 elapsed=8056ms responseBytes=187237 engineUrl= http://127.0.0.1:60957 engineId= (default)", source: app://-/renderer/assets/index-C2vAeNdg.js (276)
[26202] [9260:0926/232922.440:INFO:CONSOLE:276] "[sess-diag] loadEngineSessions: 原始条数 = 23", source: app://-/renderer/assets/index-C2vAeNdg.js (276)
[26315] [9260:0926/232922.502:INFO:CONSOLE:276] "[sess-diag] loadEngineSessions: reconcile 后 convos = 23 order = 23", source: app://-/renderer/assets/index-C2vAeNdg.js (276)
[26322] [9260:0926/232922.571:INFO:CONSOLE:276] "[sess-diag] loadEngineSessions: 耗时(ms) fetch = 8219 repoRoots = 17 build+reconcile = 45 set = 6 total = 8286", source: app://-/renderer/assets/index-C2vAeNdg.js (276)
[26427] [9260:0926/232923.017:INFO:CONSOLE:3] "Deprecated API for given entry type.", source:  (3)
[26523] [9260:0926/232923.130:INFO:CONSOLE:3] "Deprecated API for given entry type.", source:  (3)
[26871] [9260:0926/232923.479:INFO:CONSOLE:3] "Deprecated API for given entry type.", source:  (3)
[27192] [9260:0926/232923.842:INFO:CONSOLE:3] "Deprecated API for given entry type.", source:  (3)
[27574] [9260:0926/232924.181:INFO:CONSOLE:3] "Deprecated API for given entry type.", source:  (3)
[27960] [9260:0926/232924.527:INFO:CONSOLE:3] "Deprecated API for given entry type.", source:  (3)
[28262] [9260:0926/232924.873:INFO:CONSOLE:3] "Deprecated API for given entry type.", source:  (3)
[28643] [9260:0926/232925.214:INFO:CONSOLE:3] "Deprecated API for given entry type.", source:  (3)
[28945] [9260:0926/232925.556:INFO:CONSOLE:3] "Deprecated API for given entry type.", source:  (3)
[29326] [9260:0926/232925.929:INFO:CONSOLE:3] "Deprecated API for given entry type.", source:  (3)
[29708] [9260:0926/232926.279:INFO:CONSOLE:3] "Deprecated API for given entry type.", source:  (3)
[29995] [9260:0926/232926.638:INFO:CONSOLE:3] "Deprecated API for given entry type.", source:  (3)
[30396] [9260:0926/232926.998:INFO:CONSOLE:3] "Deprecated API for given entry type.", source:  (3)
[30684] [9260:0926/232927.335:INFO:CONSOLE:3] "Deprecated API for given entry type.", source:  (3)
[31084] [9260:0926/232927.671:INFO:CONSOLE:3] "Deprecated API for given entry type.", source:  (3)
[31374] [9260:0926/232928.026:INFO:CONSOLE:3] "Deprecated API for given entry type.", source:  (3)
[31766] [9260:0926/232928.378:INFO:CONSOLE:3] "Deprecated API for given entry type.", source:  (3)
[32145] [9260:0926/232928.723:INFO:CONSOLE:3] "Deprecated API for given entry type.", source:  (3)
[32419] [9260:0926/232929.062:INFO:CONSOLE:3] "Deprecated API for given entry type.", source:  (3)
[32794] [9260:0926/232929.403:INFO:CONSOLE:3] "Deprecated API for given entry type.", source:  (3)
[33070] [9260:0926/232929.720:INFO:CONSOLE:3] "Deprecated API for given entry type.", source:  (3)
[33467] [9260:0926/232930.063:INFO:CONSOLE:3] "Deprecated API for given entry type.", source:  (3)
[33845] [9260:0926/232930.407:INFO:CONSOLE:3] "Deprecated API for given entry type.", source:  (3)
[34128] [9260:0926/232930.740:INFO:CONSOLE:3] "Deprecated API for given entry type.", source:  (3)
[34509] [9260:0926/232931.086:INFO:CONSOLE:3] "Deprecated API for given entry type.", source:  (3)
[34796] [9260:0926/232931.439:INFO:CONSOLE:3] "Deprecated API for given entry type.", source:  (3)
[35281] [9260:0926/232931.887:INFO:CONSOLE:3] "Deprecated API for given entry type.", source:  (3)
[35381] [9260:0926/232931.901:INFO:CONSOLE:276] "[sess-diag] engineFetch GET /experimental/session?roots=true&limit=2000 -> HTTP 200 elapsed=146ms responseBytes=187237 engineUrl= http://127.0.0.1:60957 engineId= (default)", source: app://-/renderer/assets/index-C2vAeNdg.js (276)
[35386] [9260:0926/232931.903:INFO:CONSOLE:276] "[sess-diag] loadEngineSessions: 原始条数 = 23", source: app://-/renderer/assets/index-C2vAeNdg.js (276)
[35390] [9260:0926/232931.933:INFO:CONSOLE:276] "[sess-diag] loadEngineSessions: reconcile 后 convos = 23 order = 23", source: app://-/renderer/assets/index-C2vAeNdg.js (276)
[35395] [9260:0926/232931.937:INFO:CONSOLE:276] "[sess-diag] loadEngineSessions: 耗时(ms) fetch = 156 repoRoots = 9 build+reconcile = 20 set = 3 total = 189", source: app://-/renderer/assets/index-C2vAeNdg.js (276)
[35492] [9260:0926/232932.104:INFO:CONSOLE:3] "Deprecated API for given entry type.", source:  (3)
[35873] [9260:0926/232932.445:INFO:CONSOLE:3] "Deprecated API for given entry type.", source:  (3)
[36180] [9260:0926/232932.789:INFO:CONSOLE:3] "Deprecated API for given entry type.", source:  (3)
[36559] [9260:0926/232933.140:INFO:CONSOLE:3] "Deprecated API for given entry type.", source:  (3)
[36839] [9260:0926/232933.467:INFO:CONSOLE:3] "Deprecated API for given entry type.", source:  (3)
[37217] [9260:0926/232933.806:INFO:CONSOLE:3] "Deprecated API for given entry type.", source:  (3)
[37312] [9260:0926/232933.826:INFO:CONSOLE:276] "[sess-diag] engineFetch GET /experimental/session?roots=true&limit=2000 -> HTTP 200 elapsed=115ms responseBytes=187237 engineUrl= http://127.0.0.1:60957 engineId= (default)", source: app://-/renderer/assets/index-C2vAeNdg.js (276)
[37316] [9260:0926/232933.831:INFO:CONSOLE:276] "[sess-diag] loadEngineSessions: 原始条数 = 23", source: app://-/renderer/assets/index-C2vAeNdg.js (276)
[37321] [9260:0926/232933.853:INFO:CONSOLE:276] "[sess-diag] loadEngineSessions: reconcile 后 convos = 23 order = 23", source: app://-/renderer/assets/index-C2vAeNdg.js (276)
[37325] [9260:0926/232933.857:INFO:CONSOLE:276] "[sess-diag] loadEngineSessions: 耗时(ms) fetch = 124 repoRoots = 7 build+reconcile = 16 set = 2 total = 148", source: app://-/renderer/assets/index-C2vAeNdg.js (276)
[37518] [9260:0926/232934.146:INFO:CONSOLE:3] "Deprecated API for given entry type.", source:  (3)
[37903] [9260:0926/232934.492:INFO:CONSOLE:3] "Deprecated API for given entry type.", source:  (3)
[38196] [9260:0926/232934.824:INFO:CONSOLE:3] "Deprecated API for given entry type.", source:  (3)
[38570] [9260:0926/232935.180:INFO:CONSOLE:3] "Deprecated API for given entry type.", source:  (3)
[38854] [9260:0926/232935.510:INFO:CONSOLE:3] "Deprecated API for given entry type.", source:  (3)
[39227] [9260:0926/232935.865:INFO:CONSOLE:3] "Deprecated API for given entry type.", source:  (3)
[39608] [9260:0926/232936.183:INFO:CONSOLE:3] "Deprecated API for given entry type.", source:  (3)
[39885] [9260:0926/232936.535:INFO:CONSOLE:3] "Deprecated API for given entry type.", source:  (3)
[40266] [9260:0926/232936.865:INFO:CONSOLE:3] "Deprecated API for given entry type.", source:  (3)
[40552] [9260:0926/232937.195:INFO:CONSOLE:3] "Deprecated API for given entry type.", source:  (3)
[40931] [9260:0926/232937.527:INFO:CONSOLE:3] "Deprecated API for given entry type.", source:  (3)
[41216] [9260:0926/232937.860:INFO:CONSOLE:3] "Deprecated API for given entry type.", source:  (3)
[41595] [9260:0926/232938.233:INFO:CONSOLE:3] "Deprecated API for given entry type.", source:  (3)
[41977] [9260:0926/232938.557:INFO:CONSOLE:3] "Deprecated API for given entry type.", source:  (3)
[42261] [9260:0926/232938.889:INFO:CONSOLE:3] "Deprecated API for given entry type.", source:  (3)
[42633] [9260:0926/232939.244:INFO:CONSOLE:3] "Deprecated API for given entry type.", source:  (3)
[43012] [9260:0926/232939.580:INFO:CONSOLE:3] "Deprecated API for given entry type.", source:  (3)
[43297] [9260:0926/232939.925:INFO:CONSOLE:3] "Deprecated API for given entry type.", source:  (3)
[43680] [9260:0926/232940.266:INFO:CONSOLE:3] "Deprecated API for given entry type.", source:  (3)
[43965] [9260:0926/232940.611:INFO:CONSOLE:3] "Deprecated API for given entry type.", source:  (3)
[44346] [9260:0926/232940.949:INFO:CONSOLE:3] "Deprecated API for given entry type.", source:  (3)
[44814] [9260:0926/232941.389:INFO:CONSOLE:3] "Deprecated API for given entry type.", source:  (3)
[44909] [9260:0926/232941.486:INFO:CONSOLE:276] "[sess-diag] engineFetch GET /experimental/session?roots=true&limit=2000 -> HTTP 200 elapsed=149ms responseBytes=187237 engineUrl= http://127.0.0.1:60957 engineId= (default)", source: app://-/renderer/assets/index-C2vAeNdg.js (276)
[45019] [9260:0926/232941.488:INFO:CONSOLE:276] "[sess-diag] loadEngineSessions: 原始条数 = 23", source: app://-/renderer/assets/index-C2vAeNdg.js (276)
[45029] [9260:0926/232941.505:INFO:CONSOLE:276] "[sess-diag] loadEngineSessions: reconcile 后 convos = 23 order = 23", source: app://-/renderer/assets/index-C2vAeNdg.js (276)
[45038] [9260:0926/232941.507:INFO:CONSOLE:276] "[sess-diag] loadEngineSessions: 耗时(ms) fetch = 167 repoRoots = 6 build+reconcile = 13 set = 1 total = 187", source: app://-/renderer/assets/index-C2vAeNdg.js (276)
[45130] [9260:0926/232941.617:INFO:CONSOLE:3] "Deprecated API for given entry type.", source:  (3)
[45319] [9260:0926/232941.947:INFO:CONSOLE:3] "Deprecated API for given entry type.", source:  (3)
[45702] [9260:0926/232942.297:INFO:CONSOLE:3] "Deprecated API for given entry type.", source:  (3)
[46003] [9260:0926/232942.636:INFO:CONSOLE:3] "Deprecated API for given entry type.", source:  (3)
[46371] [9260:0926/232942.968:INFO:CONSOLE:3] "Deprecated API for given entry type.", source:  (3)
[46752] [9260:0926/232943.315:INFO:CONSOLE:3] "Deprecated API for given entry type.", source:  (3)
[47032] [9260:0926/232943.659:INFO:CONSOLE:3] "Deprecated API for given entry type.", source:  (3)
[47404] [9260:0926/232944.016:INFO:CONSOLE:3] "Deprecated API for given entry type.", source:  (3)
[47787] [9260:0926/232944.352:INFO:CONSOLE:3] "Deprecated API for given entry type.", source:  (3)
[48072] [9260:0926/232944.684:INFO:CONSOLE:3] "Deprecated API for given entry type.", source:  (3)
[48453] [9260:0926/232945.017:INFO:CONSOLE:3] "Deprecated API for given entry type.", source:  (3)
[48729] [9260:0926/232945.373:INFO:CONSOLE:3] "Deprecated API for given entry type.", source:  (3)
[49115] [9260:0926/232945.727:INFO:CONSOLE:3] "Deprecated API for given entry type.", source:  (3)
[49503] [9260:0926/232946.067:INFO:CONSOLE:3] "Deprecated API for given entry type.", source:  (3)
[49805] [9260:0926/232946.417:INFO:CONSOLE:3] "Deprecated API for given entry type.", source:  (3)
[50185] [9260:0926/232946.766:INFO:CONSOLE:3] "Deprecated API for given entry type.", source:  (3)
[50470] [9260:0926/232947.114:INFO:CONSOLE:3] "Deprecated API for given entry type.", source:  (3)
[50851] [9260:0926/232947.448:INFO:CONSOLE:3] "Deprecated API for given entry type.", source:  (3)
[51139] [9260:0926/232947.783:INFO:CONSOLE:3] "Deprecated API for given entry type.", source:  (3)
[51511] [9260:0926/232948.123:INFO:CONSOLE:3] "Deprecated API for given entry type.", source:  (3)
[51893] [9260:0926/232948.457:INFO:CONSOLE:3] "Deprecated API for given entry type.", source:  (3)
[52176] [9260:0926/232948.787:INFO:CONSOLE:3] "Deprecated API for given entry type.", source:  (3)
[52550] [9260:0926/232949.145:INFO:CONSOLE:3] "Deprecated API for given entry type.", source:  (3)
[52855] [9260:0926/232949.488:INFO:CONSOLE:3] "Deprecated API for given entry type.", source:  (3)
[53234] [9260:0926/232949.834:INFO:CONSOLE:3] "Deprecated API for given entry type.", source:  (3)
[53605] [9260:0926/232950.169:INFO:CONSOLE:3] "Deprecated API for given entry type.", source:  (3)
[53898] [9260:0926/232950.509:INFO:CONSOLE:3] "Deprecated API for given entry type.", source:  (3)
[54192] [9260:0926/232950.838:INFO:CONSOLE:3] "Deprecated API for given entry type.", source:  (3)
[54570] [9260:0926/232951.190:INFO:CONSOLE:3] "Deprecated API for given entry type.", source:  (3)
[54950] [9260:0926/232951.546:INFO:CONSOLE:3] "Deprecated API for given entry type.", source:  (3)
[55238] [9260:0926/232951.881:INFO:CONSOLE:3] "Deprecated API for given entry type.", source:  (3)
[55618] [9260:0926/232952.227:INFO:CONSOLE:3] "Deprecated API for given entry type.", source:  (3)
[56007] [9260:0926/232952.586:INFO:CONSOLE:3] "Deprecated API for given entry type.", source:  (3)
[56302] [9260:0926/232952.929:INFO:CONSOLE:3] "Deprecated API for given entry type.", source:  (3)
[56669] [9260:0926/232953.296:INFO:CONSOLE:3] "Deprecated API for given entry type.", source:  (3)
[57057] [9260:0926/232953.655:INFO:CONSOLE:3] "Deprecated API for given entry type.", source:  (3)
