[285] 
[1380] [api-base] region=CN source=edition base=https://mimo-server-cn.xiaomimimo.com/api
[1794] [api-base] cached-region reader injected after settle -> ignored
[2001] [api-base] system-country reader injected after settle -> ignored
[2270] [apm] region=CN source=cache
[2491] [evolve-observatory] evolve observatory server listening on 127.0.0.1:55625
[2495] [mimo][api] listening on 127.0.0.1:55626
[3162] [plugins] automation background startup settled { elapsedMs: 1165 }
[6387] [xiaomi-auth] probeStatus start (hidden-window path)
[13498] [DeviceId] generated:
[13812] [query-classification] ready
[18897] [xiaomi-auth] probeStatus done kind=indeterminate
[19134] Checking for update
[20176] [mimo] engine in-process server ready http://127.0.0.1:52280
[20383] [xiaomi-auth] probeStatus start (hidden-window path)
[20383] [model-catalog] xiaomi login not confirmed -> skip fetch, keep cache
[20594] [mimo] loop_streak_recovery=on · experimental crop enabled for next requests
[20595] Update for version 26.923.232338 is not available (latest version: 26.923.232338, downgrade is disallowed).
[24799] [xiaomi-auth] probeStatus done kind=authenticated userId=602054437
[27352] [experiment] initializing app=mimoDesktop(新加坡) env=ksmoscloudsrv service=<sdk-default>
[27575] [config] loading from: https://cdn-exp-sg-recommend.pt.xiaomi.com/service/getClientBitMapExpConf/mimoDesktop(%E6%96%B0%E5%8A%A0%E5%9D%A1)
[30105] [config] loaded tree for mimoDesktop(新加坡): children=2, upRuleIds=0
[30313] [config] remote config loaded: 1 apps
[30313] [config] loaded successfully: 1 apps
[30313] [experiment] key=feature_gates id=101197 type=string value={
[30313]     "domestic": { "show_mcp_entry": false, "show_custom_model_button": true, "loop_streak_recovery": true, "show_evolve_entry": true,"show_computeruse": false, "show_browseruse": false, "show_pay": … elapsed=2768ms
[30313] [feature-gates] refresh: ok (elapsed=2785ms)
