[938] [plugins] registry corrupt/unreadable at startup seed; closing automation HostMcp gate
[1045] 
[1047] DevTools listening on ws://127.0.0.1:9333/devtools/browser/bf454302-4bb4-4acb-ae52-21b2a5357dd2
[1147] [plugins] registry corrupt/unreadable at readiness settle; keeping automation HostMcp gate closed
[5001] [query-classification] warmup-unavailable { code: 'inference-failed' }
[7190] [15524:0926/232833.671:INFO:CONSOLE:3] "Deprecated API for given entry type.", source:  (3)
[8060] [15524:0926/232834.509:INFO:CONSOLE:3] "Deprecated API for given entry type.", source:  (3)
[8994] [15524:0926/232835.434:INFO:CONSOLE:3] "Deprecated API for given entry type.", source:  (3)
[9838] [15524:0926/232836.350:INFO:CONSOLE:3] "Deprecated API for given entry type.", source:  (3)
[9932] (node:15524) [DEP0180] DeprecationWarning: fs.Stats constructor is deprecated.
[9937] (Use `Xiaomi MiMo --trace-deprecation ...` to show where the warning was created)
[10219] [15524:0926/232836.691:INFO:CONSOLE:3] "Deprecated API for given entry type.", source:  (3)
[10332] [15524:0926/232836.702:INFO:CONSOLE:276] "[sess-diag] engineFetch GET /experimental/session?roots=true&limit=2000 -> HTTP 200 elapsed=2974ms responseBytes=187237 engineUrl= http://127.0.0.1:50790 engineId= (default)", source: app://-/renderer/assets/index-C2vAeNdg.js (276)
[10567] [15524:0926/232836.702:INFO:CONSOLE:276] "[sess-diag] loadEngineSessions: 原始条数 = 23", source: app://-/renderer/assets/index-C2vAeNdg.js (276)
[10578] [15524:0926/232836.722:INFO:CONSOLE:276] "[sess-diag] loadEngineSessions: reconcile 后 convos = 23 order = 23", source: app://-/renderer/assets/index-C2vAeNdg.js (276)
[10588] [15524:0926/232836.742:INFO:CONSOLE:276] "[sess-diag] loadEngineSessions: 耗时(ms) fetch = 3013 repoRoots = 17 build+reconcile = 8 set = 1 total = 3039", source: app://-/renderer/assets/index-C2vAeNdg.js (276)
[10597] [15524:0926/232836.911:INFO:CONSOLE:3] "Deprecated API for given entry type.", source:  (3)
[11321] [15524:0926/232837.235:INFO:CONSOLE:3] "Deprecated API for given entry type.", source:  (3)
[11448] [15524:0926/232837.462:INFO:CONSOLE:3] "Deprecated API for given entry type.", source:  (3)
[11455] [15524:0926/232837.791:INFO:CONSOLE:3] "Deprecated API for given entry type.", source:  (3)
[11639] [15524:0926/232838.126:INFO:CONSOLE:3] "Deprecated API for given entry type.", source:  (3)
[12023] [15524:0926/232838.444:INFO:CONSOLE:3] "Deprecated API for given entry type.", source:  (3)
[12326] [15524:0926/232838.782:INFO:CONSOLE:3] "Deprecated API for given entry type.", source:  (3)
[12612] [15524:0926/232839.113:INFO:CONSOLE:3] "Deprecated API for given entry type.", source:  (3)
[12979] [15524:0926/232839.435:INFO:CONSOLE:3] "Deprecated API for given entry type.", source:  (3)
[13289] [15524:0926/232839.783:INFO:CONSOLE:3] "Deprecated API for given entry type.", source:  (3)
[13676] [15524:0926/232840.130:INFO:CONSOLE:3] "Deprecated API for given entry type.", source:  (3)
[14067] [15524:0926/232840.490:INFO:CONSOLE:3] "Deprecated API for given entry type.", source:  (3)
[14344] [15524:0926/232840.827:INFO:CONSOLE:3] "Deprecated API for given entry type.", source:  (3)
[14734] [15524:0926/232841.180:INFO:CONSOLE:3] "Deprecated API for given entry type.", source:  (3)
[15022] [15524:0926/232841.521:INFO:CONSOLE:3] "Deprecated API for given entry type.", source:  (3)
[15392] [15524:0926/232841.844:INFO:CONSOLE:3] "Deprecated API for given entry type.", source:  (3)
[15690] [15524:0926/232842.196:INFO:CONSOLE:3] "Deprecated API for given entry type.", source:  (3)
[16074] [15524:0926/232842.528:INFO:CONSOLE:3] "Deprecated API for given entry type.", source:  (3)
[16463] [15524:0926/232842.881:INFO:CONSOLE:3] "Deprecated API for given entry type.", source:  (3)
[16747] [15524:0926/232843.221:INFO:CONSOLE:3] "Deprecated API for given entry type.", source:  (3)
[17140] [15524:0926/232843.572:INFO:CONSOLE:3] "Deprecated API for given entry type.", source:  (3)
[17427] [15524:0926/232843.918:INFO:CONSOLE:3] "Deprecated API for given entry type.", source:  (3)
[17737] [15524:0926/232844.236:INFO:CONSOLE:3] "Deprecated API for given entry type.", source:  (3)
[18135] [15524:0926/232844.577:INFO:CONSOLE:3] "Deprecated API for given entry type.", source:  (3)
[18433] [15524:0926/232844.918:INFO:CONSOLE:3] "Deprecated API for given entry type.", source:  (3)
[18808] [15524:0926/232845.282:INFO:CONSOLE:3] "Deprecated API for given entry type.", source:  (3)
[19196] [15524:0926/232845.609:INFO:CONSOLE:3] "Deprecated API for given entry type.", source:  (3)
[19499] [15524:0926/232845.951:INFO:CONSOLE:3] "Deprecated API for given entry type.", source:  (3)
[19796] [15524:0926/232846.290:INFO:CONSOLE:3] "Deprecated API for given entry type.", source:  (3)
[20169] [15524:0926/232846.636:INFO:CONSOLE:3] "Deprecated API for given entry type.", source:  (3)
[20556] [15524:0926/232846.983:INFO:CONSOLE:3] "Deprecated API for given entry type.", source:  (3)
[20852] [15524:0926/232847.325:INFO:CONSOLE:3] "Deprecated API for given entry type.", source:  (3)
[21236] [15524:0926/232847.663:INFO:CONSOLE:3] "Deprecated API for given entry type.", source:  (3)
[21531] [15524:0926/232848.008:INFO:CONSOLE:3] "Deprecated API for given entry type.", source:  (3)
[21919] [15524:0926/232848.339:INFO:CONSOLE:3] "Deprecated API for given entry type.", source:  (3)
[22209] [15524:0926/232848.684:INFO:CONSOLE:3] "Deprecated API for given entry type.", source:  (3)
[22592] [15524:0926/232849.024:INFO:CONSOLE:3] "Deprecated API for given entry type.", source:  (3)
[22898] [15524:0926/232849.365:INFO:CONSOLE:3] "Deprecated API for given entry type.", source:  (3)
[23280] [15524:0926/232849.701:INFO:CONSOLE:3] "Deprecated API for given entry type.", source:  (3)
[23566] [15524:0926/232850.034:INFO:CONSOLE:3] "Deprecated API for given entry type.", source:  (3)
[23933] [15524:0926/232850.368:INFO:CONSOLE:3] "Deprecated API for given entry type.", source:  (3)
[24218] [15524:0926/232850.703:INFO:CONSOLE:3] "Deprecated API for given entry type.", source:  (3)
[24592] [15524:0926/232851.030:INFO:CONSOLE:3] "Deprecated API for given entry type.", source:  (3)
[24885] [15524:0926/232851.369:INFO:CONSOLE:3] "Deprecated API for given entry type.", source:  (3)
[25273] [15524:0926/232851.693:INFO:CONSOLE:3] "Deprecated API for given entry type.", source:  (3)
[25558] [15524:0926/232852.027:INFO:CONSOLE:3] "Deprecated API for given entry type.", source:  (3)
[25948] [15524:0926/232852.369:INFO:CONSOLE:3] "Deprecated API for given entry type.", source:  (3)
[26234] [15524:0926/232852.703:INFO:CONSOLE:3] "Deprecated API for given entry type.", source:  (3)
[26612] [15524:0926/232853.032:INFO:CONSOLE:3] "Deprecated API for given entry type.", source:  (3)
[26897] [15524:0926/232853.369:INFO:CONSOLE:3] "Deprecated API for given entry type.", source:  (3)
[27268] [15524:0926/232853.705:INFO:CONSOLE:3] "Deprecated API for given entry type.", source:  (3)
[27556] [15524:0926/232854.041:INFO:CONSOLE:3] "Deprecated API for given entry type.", source:  (3)
